
> my-app@0.0.0 build
> tsc -b && vite build

src/components/ui/rich-text-editor.tsx(17,20): error TS2307: Cannot find module '../lib/utils' or its corresponding type declarations.
src/components/ui/rich-text-editor.tsx(20,21): error TS2339: Property 'isReady' does not exist on type 'TiptapContextType'.
src/components/ui/rich-text-editor.tsx(182,21): error TS2322: Type 'Editor | null' is not assignable to type 'Editor | undefined'.
  Type 'null' is not assignable to type 'Editor | undefined'.
src/components/ui/rich-text-editor.tsx(183,25): error TS2339: Property 'Loading' does not exist on type 'typeof TiptapWrapper & { Content: typeof TiptapContent; }'.
src/components/ui/rich-text-editor.tsx(187,26): error TS2339: Property 'Loading' does not exist on type 'typeof TiptapWrapper & { Content: typeof TiptapContent; }'.
src/sections/Works.tsx(78,5): error TS2304: Cannot find name 'triggersRef'.
src/sections/Works.tsx(97,5): error TS2304: Cannot find name 'triggersRef'.
src/sections/Works.tsx(100,7): error TS2304: Cannot find name 'triggersRef'.
src/sections/Works.tsx(100,36): error TS7006: Parameter 't' implicitly has an 'any' type.
src/sections/Works.tsx(101,7): error TS2304: Cannot find name 'triggersRef'.
